[debug] [2025-11-06T21:31:14.933Z] ----------------------------------------------------------------------
[debug] [2025-11-06T21:31:14.937Z] Command:       C:\Program Files\nodejs\node.exe C:\Users\wilol\AppData\Roaming\npm\node_modules\firebase-tools\lib\bin\firebase.js init emulators
[debug] [2025-11-06T21:31:14.938Z] CLI Version:   14.24.0
[debug] [2025-11-06T21:31:14.938Z] Platform:      win32
[debug] [2025-11-06T21:31:14.938Z] Node Version:  v22.13.0
[debug] [2025-11-06T21:31:14.938Z] Time:          Thu Nov 06 2025 15:31:14 GMT-0600 (hora estándar central)
[debug] [2025-11-06T21:31:14.938Z] ----------------------------------------------------------------------
[debug] 
[debug] [2025-11-06T21:31:14.941Z] >>> [apiv2][query] GET https://firebase-public.firebaseio.com/cli.json [none]
[info] 
     ######## #### ########  ######## ########     ###     ######  ########
     ##        ##  ##     ## ##       ##     ##  ##   ##  ##       ##
     ######    ##  ########  ######   ########  #########  ######  ######
     ##        ##  ##    ##  ##       ##     ## ##     ##       ## ##
     ##       #### ##     ## ######## ########  ##     ##  ######  ########

You're about to initialize a Firebase project in this directory:

  C:\Users\wilol\AndroidStudioProjects\App-Ambiental-

[info] 
=== Project Setup
[info] 
[info] First, let's associate this project directory with a Firebase project.
[info] You can create multiple project aliases by running firebase use --add, 
[info] 
[debug] [2025-11-06T21:31:15.432Z] <<< [apiv2][status] GET https://firebase-public.firebaseio.com/cli.json 200
[debug] [2025-11-06T21:31:15.432Z] <<< [apiv2][body] GET https://firebase-public.firebaseio.com/cli.json {"cloudBuildErrorAfter":1594252800000,"cloudBuildWarnAfter":1590019200000,"defaultNode10After":1594252800000,"minVersion":"3.0.5","node8DeploysDisabledAfter":1613390400000,"node8RuntimeDisabledAfter":1615809600000,"node8WarnAfter":1600128000000}
[debug] [2025-11-06T21:31:46.234Z] > command requires scopes: ["email","openid","https://www.googleapis.com/auth/cloudplatformprojects.readonly","https://www.googleapis.com/auth/firebase","https://www.googleapis.com/auth/cloud-platform"]
[debug] [2025-11-06T21:31:46.234Z] > authorizing via signed-in user (yorwinlopest03@gmail.com)
[debug] [2025-11-06T21:31:46.235Z] Checked if tokens are valid: false, expires at: 1679691540728
[debug] [2025-11-06T21:31:46.235Z] Checked if tokens are valid: false, expires at: 1679691540728
[debug] [2025-11-06T21:31:46.235Z] > refreshing access token with scopes: []
[debug] [2025-11-06T21:31:46.236Z] >>> [apiv2][query] POST https://www.googleapis.com/oauth2/v3/token [none]
[debug] [2025-11-06T21:31:46.236Z] >>> [apiv2][body] POST https://www.googleapis.com/oauth2/v3/token [omitted]
[debug] [2025-11-06T21:31:46.493Z] <<< [apiv2][status] POST https://www.googleapis.com/oauth2/v3/token 400
[debug] [2025-11-06T21:31:46.493Z] <<< [apiv2][body] POST https://www.googleapis.com/oauth2/v3/token [omitted]
[debug] [2025-11-06T21:31:46.494Z] >>> [apiv2][query] GET https://firebase.googleapis.com/v1beta1/projects pageSize=100
[debug] [2025-11-06T21:31:46.780Z] <<< [apiv2][status] GET https://firebase.googleapis.com/v1beta1/projects 401
[debug] [2025-11-06T21:31:46.781Z] <<< [apiv2][body] GET https://firebase.googleapis.com/v1beta1/projects [omitted]
[debug] [2025-11-06T21:31:46.781Z] Got a 401 Unauthenticated error for a call that required authentication. Refreshing tokens.
[debug] [2025-11-06T21:31:46.781Z] Checked if tokens are valid: false, expires at: 1679691540728
[debug] [2025-11-06T21:31:46.781Z] Checked if tokens are valid: false, expires at: 1679691540728
[debug] [2025-11-06T21:31:46.781Z] > refreshing access token with scopes: []
[debug] [2025-11-06T21:31:46.781Z] >>> [apiv2][query] POST https://www.googleapis.com/oauth2/v3/token [none]
[debug] [2025-11-06T21:31:46.781Z] >>> [apiv2][body] POST https://www.googleapis.com/oauth2/v3/token [omitted]
[debug] [2025-11-06T21:31:46.874Z] <<< [apiv2][status] POST https://www.googleapis.com/oauth2/v3/token 400
[debug] [2025-11-06T21:31:46.875Z] <<< [apiv2][body] POST https://www.googleapis.com/oauth2/v3/token [omitted]
[debug] [2025-11-06T21:31:46.876Z] Request to https://firebase.googleapis.com/v1beta1/projects?pageSize=100 had HTTP Error: 401, Request had invalid authentication credentials. Expected OAuth 2 access token, login cookie or other valid authentication credential. See https://developers.google.com/identity/sign-in/web/devconsole-project.
[debug] [2025-11-06T21:31:46.880Z] FirebaseError: Request to https://firebase.googleapis.com/v1beta1/projects?pageSize=100 had HTTP Error: 401, Request had invalid authentication credentials. Expected OAuth 2 access token, login cookie or other valid authentication credential. See https://developers.google.com/identity/sign-in/web/devconsole-project.
    at responseToError (C:\Users\wilol\AppData\Roaming\npm\node_modules\firebase-tools\lib\responseToError.js:53:12)
    at RetryOperation._fn (C:\Users\wilol\AppData\Roaming\npm\node_modules\firebase-tools\lib\apiv2.js:322:77)
    at process.processTicksAndRejections (node:internal/process/task_queues:105:5)
[error] 
[error] Error: Failed to list Firebase projects. See firebase-debug.log for more info.
[debug] [2025-11-06T21:31:57.557Z] ----------------------------------------------------------------------
[debug] [2025-11-06T21:31:57.563Z] Command:       C:\Program Files\nodejs\node.exe C:\Users\wilol\AppData\Roaming\npm\node_modules\firebase-tools\lib\bin\firebase.js init emulators
[debug] [2025-11-06T21:31:57.563Z] CLI Version:   14.24.0
[debug] [2025-11-06T21:31:57.564Z] Platform:      win32
[debug] [2025-11-06T21:31:57.564Z] Node Version:  v22.13.0
[debug] [2025-11-06T21:31:57.564Z] Time:          Thu Nov 06 2025 15:31:57 GMT-0600 (hora estándar central)
[debug] [2025-11-06T21:31:57.565Z] ----------------------------------------------------------------------
[debug] 
[info] 
     ######## #### ########  ######## ########     ###     ######  ########
     ##        ##  ##     ## ##       ##     ##  ##   ##  ##       ##
     ######    ##  ########  ######   ########  #########  ######  ######
     ##        ##  ##    ##  ##       ##     ## ##     ##       ## ##
     ##       #### ##     ## ######## ########  ##     ##  ######  ########

You're about to initialize a Firebase project in this directory:

  C:\Users\wilol\AndroidStudioProjects\App-Ambiental-

[info] 
=== Project Setup
[info] 
[info] First, let's associate this project directory with a Firebase project.
[info] You can create multiple project aliases by running firebase use --add, 
[info] 
[info] i  If you want to create a project in a Google Cloud organization or folder, please use "firebase projects:create" instead, and return to this command when you've created the project. 
[debug] [2025-11-06T21:32:08.079Z] > command requires scopes: ["email","openid","https://www.googleapis.com/auth/cloudplatformprojects.readonly","https://www.googleapis.com/auth/firebase","https://www.googleapis.com/auth/cloud-platform"]
[debug] [2025-11-06T21:32:08.079Z] > authorizing via signed-in user (yorwinlopest03@gmail.com)
[debug] [2025-11-06T21:32:38.223Z] Checked if tokens are valid: false, expires at: 1679691540728
[debug] [2025-11-06T21:32:38.223Z] Checked if tokens are valid: false, expires at: 1679691540728
[debug] [2025-11-06T21:32:38.224Z] > refreshing access token with scopes: []
[debug] [2025-11-06T21:32:38.227Z] >>> [apiv2][query] POST https://www.googleapis.com/oauth2/v3/token [none]
[debug] [2025-11-06T21:32:38.227Z] >>> [apiv2][body] POST https://www.googleapis.com/oauth2/v3/token [omitted]
[debug] [2025-11-06T21:32:38.515Z] <<< [apiv2][status] POST https://www.googleapis.com/oauth2/v3/token 400
[debug] [2025-11-06T21:32:38.515Z] <<< [apiv2][body] POST https://www.googleapis.com/oauth2/v3/token [omitted]
[debug] [2025-11-06T21:32:38.516Z] >>> [apiv2][query] POST https://firebase.googleapis.com/v1/projects:checkProjectId [none]
[debug] [2025-11-06T21:32:38.516Z] >>> [apiv2][body] POST https://firebase.googleapis.com/v1/projects:checkProjectId {"proposedId":"111111111"}
[debug] [2025-11-06T21:32:38.779Z] <<< [apiv2][status] POST https://firebase.googleapis.com/v1/projects:checkProjectId 401
[debug] [2025-11-06T21:32:38.779Z] <<< [apiv2][body] POST https://firebase.googleapis.com/v1/projects:checkProjectId {"error":{"code":401,"message":"Request had invalid authentication credentials. Expected OAuth 2 access token, login cookie or other valid authentication credential. See https://developers.google.com/identity/sign-in/web/devconsole-project.","status":"UNAUTHENTICATED"}}
[debug] [2025-11-06T21:32:38.780Z] Got a 401 Unauthenticated error for a call that required authentication. Refreshing tokens.
[debug] [2025-11-06T21:32:38.780Z] Checked if tokens are valid: false, expires at: 1679691540728
[debug] [2025-11-06T21:32:38.780Z] Checked if tokens are valid: false, expires at: 1679691540728
[debug] [2025-11-06T21:32:38.780Z] > refreshing access token with scopes: []
[debug] [2025-11-06T21:32:38.781Z] >>> [apiv2][query] POST https://www.googleapis.com/oauth2/v3/token [none]
[debug] [2025-11-06T21:32:38.781Z] >>> [apiv2][body] POST https://www.googleapis.com/oauth2/v3/token [omitted]
[debug] [2025-11-06T21:32:38.943Z] <<< [apiv2][status] POST https://www.googleapis.com/oauth2/v3/token 400
[debug] [2025-11-06T21:32:38.943Z] <<< [apiv2][body] POST https://www.googleapis.com/oauth2/v3/token [omitted]
[debug] [2025-11-06T21:32:38.945Z] Couldn't check if project ID 111111111 is available. Original error: FirebaseError: Failed to check if project ID is available. See firebase-debug.log for more info.
[debug] [2025-11-06T21:32:47.834Z] ExitPromptError: User force closed the prompt with SIGINT
    at Interface.sigint (C:\Users\wilol\AppData\Roaming\npm\node_modules\firebase-tools\node_modules\@inquirer\core\dist\commonjs\lib\create-prompt.js:101:37)
    at Interface.emit (node:events:524:28)
    at Interface.emit (node:domain:489:12)
    at [_ttyWrite] [as _ttyWrite] (node:internal/readline/interface:1124:18)
    at ReadStream.onkeypress (node:internal/readline/interface:263:20)
    at ReadStream.emit (node:events:536:35)
    at ReadStream.emit (node:domain:489:12)
    at emitKeys (node:internal/readline/utils:370:14)
    at emitKeys.next (<anonymous>)
    at ReadStream.onData (node:internal/readline/emitKeypressEvents:64:36)
[error] 
[error] Error: An unexpected error has occurred.
